// Jest Snapshot v1, https://goo.gl/fbAQLP

exports[`renders correctly 1`] = `
<div
  className="App"
>
  <h2
    className="heading"
  >
    Lets do some Math : ðŸ§®
  </h2>
  <div
    className="calculator"
  >
    <div
      className="display"
    >
      0
    </div>
    <div
      className="order"
    >
      <div
        className="order2"
      >
        <div
          className="digits"
        >
          <div
            className="signal"
          >
            <button
              onClick={[Function]}
              type="button"
            >
              AC
            </button>
            <button
              onClick={[Function]}
              type="button"
            >
              +/-
            </button>
            <button
              onClick={[Function]}
              type="button"
            >
              %
            </button>
          </div>
        </div>
        <div
          className="numbers"
        >
          <button
            onClick={[Function]}
            type="button"
          >
            1
          </button>
          <button
            onClick={[Function]}
            type="button"
          >
            2
          </button>
          <button
            onClick={[Function]}
            type="button"
          >
            3
          </button>
          <button
            onClick={[Function]}
            type="button"
          >
            4
          </button>
          <button
            onClick={[Function]}
            type="button"
          >
            5
          </button>
          <button
            onClick={[Function]}
            type="button"
          >
            6
          </button>
          <button
            onClick={[Function]}
            type="button"
          >
            7
          </button>
          <button
            onClick={[Function]}
            type="button"
          >
            8
          </button>
          <button
            onClick={[Function]}
            type="button"
          >
            9
          </button>
        </div>
        <div
          className="signal"
        >
          <button
            className="zero"
            onClick={[Function]}
            type="button"
          >
            0
          </button>
          <button
            onClick={[Function]}
            type="button"
          >
            .
          </button>
        </div>
      </div>
      <div
        className="operators"
      >
        <button
          onClick={[Function]}
          type="button"
        >
          Ã·
        </button>
        <button
          onClick={[Function]}
          type="button"
        >
          x
        </button>
        <button
          onClick={[Function]}
          type="button"
        >
          -
        </button>
        <button
          onClick={[Function]}
          type="button"
        >
          +
        </button>
        <button
          onClick={[Function]}
          type="button"
        >
          =
        </button>
      </div>
    </div>
  </div>
</div>
`;
